// Jest Snapshot v1, https://goo.gl/fbAQLP

exports[`renders correctly 1`] = `
<View
  style={
    Object {
      "flex": 1,
      "flexDirection": "column",
    }
  }
>
  <Text
    style={
      Object {
        "color": "black",
        "fontSize": 16,
        "fontWeight": "bold",
      }
    }
  >
    #2 Forrest Gump
  </Text>
  <Text
    style={
      Object {
        "color": "#808080",
        "fontSize": 14,
        "fontWeight": "bold",
      }
    }
  >
    (Forrest Gump)
  </Text>
  <View
    style={
      Object {
        "flex": 1,
        "flexDirection": "row",
        "marginBottom": 7,
        "marginTop": 5,
        "maxHeight": 20,
      }
    }
  >
    <Text
      style={
        Object {
          "color": "#808080",
        }
      }
    >
      1994-06-23
    </Text>
    <Text
      style={
        Object {
          "color": "#808080",
          "paddingRight": 1,
        }
      }
    >
       (en) . 
    </Text>
    <View
      style={
        Object {
          "borderColor": "#D3D3D3",
          "borderWidth": 1,
          "justifyContent": "center",
          "padding": 1,
        }
      }
    >
      <Text
        style={
          Object {
            "color": "#808080",
            "fontSize": 12,
          }
        }
      >
        All
      </Text>
    </View>
  </View>
  <Text
    numberOfLines={4}
    style={
      Object {
        "color": "#808080",
      }
    }
  >
    A man with a low IQ has accomplished great things in his life and been present during significant historic eventsâ€”in each case, far exceeding what anyone imagined he could do. But despite all he has achieved, his one true love eludes him.
  </Text>
</View>
`;
